// Vitest Snapshot v1, https://vitest.dev/guide/snapshot.html

exports[`@/lib/queries — full module snapshot (locks every query's structure + field selection, whitespace-normalized) > matches the module-wide snapshot 1`] = `
{
  "ALL_OLS_POOLS": "query AllOlsPools($chainId: Int!) { OlsPool( where: { isActive: { _eq: true }, chainId: { _eq: $chainId } } limit: 1000 ) { poolId } }",
  "ALL_POOLS_BREACH_ROLLUP": "query AllPoolsBreachRollup($chainId: Int!) { Pool(where: { chainId: { _eq: $chainId } }) { id breachCount healthBinarySeconds healthTotalSeconds } }",
  "ALL_POOLS_REBALANCE_THRESHOLDS_KNOWN": "query AllPoolsRebalanceThresholdsKnown($chainId: Int!) { Pool(where: { chainId: { _eq: $chainId } }) { id rebalanceThresholdAbove rebalanceThresholdBelow rebalanceThresholdsKnown tokenDecimalsKnown } }",
  "ALL_POOLS_WITH_HEALTH": "query AllPoolsWithHealth($chainId: Int!) { Pool( where: { chainId: { _eq: $chainId } } order_by: { createdAtBlock: desc } ) { id chainId token0 token1 token0Decimals token1Decimals source wrappedExchangeId createdAtBlock createdAtTimestamp updatedAtBlock updatedAtTimestamp healthStatus oracleOk oraclePrice oracleTimestamp oracleTxHash priceDifference rebalanceThreshold oracleNumReporters oracleExpiry lastRebalancedAt deviationBreachStartedAt lpFee protocolFee limitStatus limitPressure0 limitPressure1 rebalancerAddress referenceRateFeedID swapCount rebalanceCount notionalVolume0 notionalVolume1 reserves0 reserves1 healthTotalSeconds hasHealthData } }",
  "ALL_TRADING_LIMITS": "query AllTradingLimits($chainId: Int!) { TradingLimit(where: { chainId: { _eq: $chainId } }) { id poolId token limit0 limit1 decimals netflow0 netflow1 lastUpdated0 lastUpdated1 limitPressure0 limitPressure1 limitStatus updatedAtBlock updatedAtTimestamp } }",
  "BROKER_DAILY_SNAPSHOTS_ALL": "query BrokerDailySnapshotsAll($chainId: Int!, $limit: Int!, $offset: Int!) { BrokerDailySnapshot( where: { chainId: { _eq: $chainId } routedViaV3Router: { _eq: false } } order_by: [{ timestamp: desc }, { id: desc }] limit: $limit offset: $offset ) { id timestamp volumeUsdWei swapCount } }",
  "BROKER_EXCHANGE_DAILY_SNAPSHOTS_24H": "query BrokerExchangeDailySnapshots24h( $chainId: Int! $exchangeProvider: String! $exchangeId: String! $since: numeric! ) { BrokerExchangeDailySnapshot( where: { chainId: { _eq: $chainId } exchangeProvider: { _eq: $exchangeProvider } exchangeId: { _eq: $exchangeId } timestamp: { _gte: $since } } order_by: [{ timestamp: desc }, { id: desc }] limit: 2 ) { id timestamp volumeUsdWei swapCount } }",
  "LATEST_POOL_REBALANCE_FOR_STRATEGY": "query LatestPoolRebalanceForStrategy($poolId: String!, $strategy: String!) { RebalanceEvent( where: { poolId: { _eq: $poolId } sender: { _eq: $strategy } } order_by: { blockNumber: desc } limit: 1 ) { txHash } }",
  "OLS_LIQUIDITY_EVENTS_COUNT": "query OlsLiquidityEventsCount($poolId: String!, $olsAddress: String!, $limit: Int!, $offset: Int!) { OlsLiquidityEvent( where: { poolId: { _eq: $poolId }, olsAddress: { _eq: $olsAddress } } limit: $limit offset: $offset ) { id } }",
  "OLS_LIQUIDITY_EVENTS_PAGE": "query OlsLiquidityEventsPage($poolId: String!, $olsAddress: String!, $limit: Int!, $offset: Int!, $orderBy: [OlsLiquidityEvent_order_by!]!) { OlsLiquidityEvent( where: { poolId: { _eq: $poolId }, olsAddress: { _eq: $olsAddress } } order_by: $orderBy limit: $limit offset: $offset ) { id chainId direction caller tokenGivenToPool amountGivenToPool tokenTakenFromPool amountTakenFromPool txHash blockNumber blockTimestamp } }",
  "OLS_POOL": "query OlsPool($poolId: String!) { OlsPool( where: { poolId: { _eq: $poolId }, isActive: { _eq: true } } order_by: { updatedAtTimestamp: desc } limit: 1 ) { id chainId poolId olsAddress isActive debtToken rebalanceCooldown lastRebalance protocolFeeRecipient liquiditySourceIncentiveExpansion liquiditySourceIncentiveContraction protocolIncentiveExpansion protocolIncentiveContraction olsRebalanceCount addedAtBlock addedAtTimestamp updatedAtBlock updatedAtTimestamp } }",
  "ORACLE_RATES": "query OracleRates($chainId: Int!) { Pool( where: { chainId: { _eq: $chainId } _or: [ { oracleOk: { _eq: true } } { oracleOk: { _is_null: true } } ] } ) { token0 token1 oraclePrice oracleOk } }",
  "ORACLE_SNAPSHOTS": "query OracleSnapshots($poolId: String!, $limit: Int!, $offset: Int!, $orderBy: [OracleSnapshot_order_by!]!) { OracleSnapshot( where: { poolId: { _eq: $poolId } } order_by: $orderBy limit: $limit offset: $offset ) { id chainId poolId timestamp oraclePrice oracleOk numReporters priceDifference rebalanceThreshold source blockNumber txHash deviationRatio hasHealthData } }",
  "ORACLE_SNAPSHOTS_CHART": "query OracleSnapshotsChart($poolId: String!, $limit: Int!) { OracleSnapshot( where: { poolId: { _eq: $poolId } } order_by: { timestamp: desc } limit: $limit ) { id chainId poolId timestamp oraclePrice oracleOk numReporters priceDifference rebalanceThreshold source blockNumber txHash deviationRatio hasHealthData } }",
  "ORACLE_SNAPSHOTS_COUNT_PAGE": "query OracleSnapshotsCountPage($poolId: String!, $limit: Int!, $offset: Int!) { OracleSnapshot(where: { poolId: { _eq: $poolId } }, limit: $limit, offset: $offset) { id } }",
  "POOL_BREACH_ROLLUP": "query PoolBreachRollup($id: String!, $chainId: Int!) { Pool(where: { id: { _eq: $id }, chainId: { _eq: $chainId } }) { id breachCount healthBinarySeconds healthTotalSeconds } }",
  "POOL_BREAKER_CONFIG": "query PoolBreakerConfig($chainId: Int!, $rateFeedID: String!) { BreakerConfig( where: { chainId: { _eq: $chainId } rateFeedID: { _eq: $rateFeedID } } ) { id enabled cooldownTime rateChangeThreshold smoothingFactor medianRatesEMA referenceValue lastMedianRate lastUpdatedAt status tradingMode lastStatusUpdatedAt cooldownEndsAt lastTripAt lastTripTxHash lastResetAt tripCountLifetime breaker { id address kind activatesTradingMode defaultCooldownTime defaultRateChangeThreshold } } BreakerTripEvent( where: { chainId: { _eq: $chainId } rateFeedID: { _eq: $rateFeedID } } order_by: [{ blockTimestamp: desc }] limit: 50 ) { id blockTimestamp txHash medianRateAtTrip referenceAtTrip thresholdAtTrip breaker { address kind } } }",
  "POOL_CONFIG_EXT": "query PoolConfigExt($id: String!, $chainId: Int!) { Pool(where: { id: { _eq: $id }, chainId: { _eq: $chainId } }) { id rebalanceReward } }",
  "POOL_DAILY_FEE_SNAPSHOTS_PAGE": "query PoolDailyFeeSnapshotsPage($chainId: Int!, $limit: Int!, $offset: Int!) { PoolDailyFeeSnapshot( where: { chainId: { _eq: $chainId } } order_by: [{ timestamp: desc }, { id: desc }] limit: $limit offset: $offset ) { id chainId poolAddress timestamp tokens tokenSymbols tokenDecimals amounts feesUsdWei } }",
  "POOL_DAILY_SNAPSHOTS_ALL": "query PoolDailySnapshotsAll($poolIds: [String!]!, $limit: Int!, $offset: Int!) { PoolDailySnapshot( where: { poolId: { _in: $poolIds } } order_by: [{ timestamp: desc }, { id: desc }] limit: $limit offset: $offset ) { poolId timestamp reserves0 reserves1 swapCount swapVolume0 swapVolume1 } }",
  "POOL_DAILY_SNAPSHOTS_CHART": "query PoolDailySnapshotsChart($poolId: String!) { PoolDailySnapshot( where: { poolId: { _eq: $poolId } } order_by: [{ timestamp: desc }, { id: desc }] ) { id poolId timestamp reserves0 reserves1 swapCount swapVolume0 swapVolume1 rebalanceCount cumulativeSwapCount cumulativeVolume0 cumulativeVolume1 blockNumber } }",
  "POOL_DEPLOYMENT": "query PoolDeployment($poolId: String!) { FactoryDeployment( where: { poolId: { _eq: $poolId } } limit: 1 ) { txHash } }",
  "POOL_DETAIL_WITH_HEALTH": "query PoolDetailWithHealth($id: String!, $chainId: Int!) { Pool(where: { id: { _eq: $id }, chainId: { _eq: $chainId } }) { id chainId token0 token1 token0Decimals token1Decimals source wrappedExchangeId createdAtBlock createdAtTimestamp updatedAtBlock updatedAtTimestamp healthStatus oracleOk oraclePrice oracleTimestamp oracleTxHash oracleExpiry oracleNumReporters referenceRateFeedID priceDifference rebalanceThreshold lastRebalancedAt deviationBreachStartedAt lpFee protocolFee limitStatus limitPressure0 limitPressure1 rebalancerAddress reserves0 reserves1 swapCount healthTotalSeconds hasHealthData } }",
  "POOL_DEVIATION_BREACHES_ALL": "query PoolDeviationBreachesAll( $poolId: String! $where: DeviationThresholdBreach_bool_exp! ) { DeviationThresholdBreach( where: { _and: [{ poolId: { _eq: $poolId } }, $where] } order_by: [{ startedAt: desc }] limit: 1000 ) { id startedAt endedAt durationSeconds criticalDurationSeconds peakPriceDifference entryRebalanceThreshold } }",
  "POOL_DEVIATION_BREACHES_COUNT": "query PoolDeviationBreachesCount( $poolId: String! $where: DeviationThresholdBreach_bool_exp! $limit: Int! ) { DeviationThresholdBreach( where: { _and: [{ poolId: { _eq: $poolId } }, $where] } limit: $limit ) { id } }",
  "POOL_DEVIATION_BREACHES_PAGE": "query PoolDeviationBreachesPage( $poolId: String! $limit: Int! $offset: Int! $orderBy: [DeviationThresholdBreach_order_by!] $where: DeviationThresholdBreach_bool_exp! ) { DeviationThresholdBreach( where: { _and: [{ poolId: { _eq: $poolId } }, $where] } order_by: $orderBy limit: $limit offset: $offset ) { id chainId poolId startedAt startedAtBlock endedAt endedAtBlock durationSeconds criticalDurationSeconds entryPriceDifference entryRebalanceThreshold peakPriceDifference peakAt peakAtBlock startedByEvent startedByTxHash endedByEvent endedByTxHash endedByStrategy rebalanceCountDuring } }",
  "POOL_HEALTH_7D_ANCHOR": "query PoolHealth7dAnchor($id: String!, $chainId: Int!, $sevenDaysAgo: numeric!) { PoolDailySnapshot( where: { poolId: { _eq: $id } chainId: { _eq: $chainId } timestamp: { _lte: $sevenDaysAgo } } order_by: [{ timestamp: desc }] limit: 1 ) { timestamp cumulativeHealthBinarySeconds cumulativeHealthTotalSeconds } }",
  "POOL_LABELS_ALL": "query PoolLabelsAll($chainId: Int!) { Pool(where: { chainId: { _eq: $chainId } }, limit: 1000) { id token0 token1 source } }",
  "POOL_LIQUIDITY": "query PoolLiquidity($poolId: String!, $limit: Int!) { LiquidityEvent( where: { poolId: { _eq: $poolId } } order_by: { blockNumber: desc } limit: $limit ) { id chainId kind sender amount0 amount1 liquidity txHash blockNumber blockTimestamp } }",
  "POOL_LIQUIDITY_COUNT": "query PoolLiquidityCount($poolId: String!, $limit: Int!, $offset: Int!) { LiquidityEvent(where: { poolId: { _eq: $poolId } }, limit: $limit, offset: $offset) { id } }",
  "POOL_LIQUIDITY_PAGE": "query PoolLiquidityPage($poolId: String!, $limit: Int!, $offset: Int!, $orderBy: [LiquidityEvent_order_by!]!) { LiquidityEvent( where: { poolId: { _eq: $poolId } } order_by: $orderBy limit: $limit offset: $offset ) { id chainId kind sender amount0 amount1 liquidity txHash blockNumber blockTimestamp } }",
  "POOL_LP_POSITIONS": "query PoolLpPositions($poolId: String!) { LiquidityPosition( where: { poolId: { _eq: $poolId } } order_by: { netLiquidity: desc } ) { id address netLiquidity lastUpdatedBlock lastUpdatedTimestamp } }",
  "POOL_OPEN_BREACH_TX": "query PoolOpenBreachTx( $poolId: String! $startedAt: numeric! ) { DeviationThresholdBreach( where: { poolId: { _eq: $poolId } startedAt: { _eq: $startedAt } } limit: 1 ) { startedByTxHash } }",
  "POOL_REBALANCES": "query PoolRebalances($poolId: String!, $limit: Int!) { RebalanceEvent( where: { poolId: { _eq: $poolId } } order_by: { blockNumber: desc } limit: $limit ) { id chainId sender caller priceDifferenceBefore priceDifferenceAfter txHash blockNumber blockTimestamp improvement rebalanceThreshold effectivenessRatio } }",
  "POOL_REBALANCES_COUNT": "query PoolRebalancesCount($poolId: String!, $limit: Int!, $offset: Int!) { RebalanceEvent(where: { poolId: { _eq: $poolId } }, limit: $limit, offset: $offset) { id } }",
  "POOL_REBALANCES_PAGE": "query PoolRebalancesPage($poolId: String!, $limit: Int!, $offset: Int!, $orderBy: [RebalanceEvent_order_by!]!) { RebalanceEvent( where: { poolId: { _eq: $poolId } } order_by: $orderBy limit: $limit offset: $offset ) { id chainId sender caller priceDifferenceBefore priceDifferenceAfter txHash blockNumber blockTimestamp improvement rebalanceThreshold effectivenessRatio } }",
  "POOL_REBALANCES_USD_EXT": "query PoolRebalancesUsdExt($ids: [String!]!) { RebalanceEvent(where: { id: { _in: $ids } }) { id amount0Delta amount1Delta rewardBps notionalUsd rewardUsd } }",
  "POOL_REBALANCE_REWARDS": "query PoolRebalanceRewards($poolId: String!, $limit: Int!) { RebalanceEvent( where: { poolId: { _eq: $poolId } } limit: $limit order_by: [{ blockNumber: desc }, { id: asc }] ) { rewardUsd } }",
  "POOL_RESERVES": "query PoolReserves($poolId: String!, $limit: Int!) { ReserveUpdate( where: { poolId: { _eq: $poolId } } order_by: { blockNumber: desc } limit: $limit ) { id chainId reserve0 reserve1 txHash blockNumber blockTimestamp } }",
  "POOL_SNAPSHOTS_CHART": "query PoolSnapshotsChart($poolId: String!) { PoolSnapshot( where: { poolId: { _eq: $poolId } } order_by: { timestamp: desc } limit: 50000 ) { id poolId timestamp reserves0 reserves1 swapCount swapVolume0 swapVolume1 rebalanceCount cumulativeSwapCount cumulativeVolume0 cumulativeVolume1 blockNumber } }",
  "POOL_SWAPS": "query PoolSwaps($poolId: String!, $limit: Int!) { SwapEvent( where: { poolId: { _eq: $poolId } } order_by: { blockNumber: desc } limit: $limit ) { id chainId poolId sender recipient amount0In amount1In amount0Out amount1Out txHash blockNumber blockTimestamp } }",
  "POOL_SWAPS_COUNT": "query PoolSwapsCount($poolId: String!, $limit: Int!, $offset: Int!) { SwapEvent(where: { poolId: { _eq: $poolId } }, limit: $limit, offset: $offset) { id } }",
  "POOL_SWAPS_PAGE": "query PoolSwapsPage($poolId: String!, $limit: Int!, $offset: Int!, $orderBy: [SwapEvent_order_by!]!) { SwapEvent( where: { poolId: { _eq: $poolId } } order_by: $orderBy limit: $limit offset: $offset ) { id chainId poolId sender recipient amount0In amount1In amount0Out amount1Out txHash blockNumber blockTimestamp } }",
  "POOL_THRESHOLDS_KNOWN_EXT": "query PoolThresholdsKnownExt($id: String!, $chainId: Int!) { Pool(where: { id: { _eq: $id }, chainId: { _eq: $chainId } }) { id rebalanceThresholdAbove rebalanceThresholdBelow rebalanceThresholdsKnown tokenDecimalsKnown } }",
  "POOL_V2_EXCHANGE": "query PoolV2Exchange($poolId: String!, $chainId: Int!) { BiPoolExchange( where: { wrappedByPoolId: { _eq: $poolId } chainId: { _eq: $chainId } } limit: 1 ) { id chainId exchangeId exchangeProvider asset0 asset1 pricingModule pricingModuleName spread referenceRateFeedID referenceRateResetFrequency minimumReports stablePoolResetSize bucket0 bucket1 lastBucketUpdate isDeprecated wrappedByPoolId } }",
  "RECENT_SWAPS": "query RecentSwaps($limit: Int!) { SwapEvent( order_by: { blockNumber: desc } limit: $limit ) { id chainId poolId sender recipient amount0In amount1In amount0Out amount1Out txHash blockNumber blockTimestamp } }",
  "TRADING_LIMITS": "query TradingLimits($poolId: String!) { TradingLimit(where: { poolId: { _eq: $poolId } }) { id token limit0 limit1 decimals netflow0 netflow1 lastUpdated0 lastUpdated1 limitPressure0 limitPressure1 limitStatus updatedAtBlock updatedAtTimestamp } }",
  "UNIQUE_LP_ADDRESSES": "query UniqueLpAddresses($poolIds: [String!]!) { LiquidityPosition( where: { poolId: { _in: $poolIds }, netLiquidity: { _gt: "0" } } limit: 10000 ) { address } }",
  "VIRTUAL_POOL_LIFECYCLE": "query VirtualPoolLifecycle($poolId: String!) { VirtualPoolLifecycle( where: { poolId: { _eq: $poolId } } order_by: { blockTimestamp: asc } ) { id action factoryAddress txHash blockNumber blockTimestamp } }",
}
`;
